?   	github.com/lucaswilliameufrasio/mobile-release/cmd/mobile-release	[no test files]
?   	github.com/lucaswilliameufrasio/mobile-release/internal/providers	[no test files]
?   	github.com/lucaswilliameufrasio/mobile-release/internal/providers/expo	[no test files]
?   	github.com/lucaswilliameufrasio/mobile-release/internal/providers/flutter	[no test files]
?   	github.com/lucaswilliameufrasio/mobile-release/internal/providers/kmp	[no test files]
ok  	github.com/lucaswilliameufrasio/mobile-release/internal/config	(cached)
ok  	github.com/lucaswilliameufrasio/mobile-release/internal/project	(cached)
?   	github.com/lucaswilliameufrasio/mobile-release/internal/runner	[no test files]
ok  	github.com/lucaswilliameufrasio/mobile-release/internal/release	0.019s
ok  	github.com/lucaswilliameufrasio/mobile-release/internal/secrets	(cached)
